@1307532861 approve (152)
@1307955600 approve (163) publish (160) (163)
@1308477599 approve (187) publish (163) (152)

